
> kylrix-note@0.1.0 build /home/nathfavour/code/kylrix/note
> next build

   ▲ Next.js 15.4.10
   - Environments: .env
   - Experiments (use with caution):
     ✓ reactCompiler
     · optimizePackageImports

   Creating an optimized production build ...
 ✓ Compiled successfully in 9.0s
   Skipping validation of types
   Skipping linting
   Collecting page data ...
 ⚠ Using edge runtime on a page currently disables static generation for that page
   Generating static pages (0/17) ...
 ⚠ metadataBase property in metadata export is not set for resolving social open graph or twitter images, using "http://localhost:3000". See https://nextjs.org/docs/app/api-reference/functions/generate-metadata#metadatabase
   Generating static pages (4/17) 
   Generating static pages (8/17) 
   Generating static pages (12/17) 
 ✓ Generating static pages (17/17)
   Finalizing page optimization ...
   Collecting build traces ...

Route (app)                                 Size  First Load JS
┌ ○ /                                      629 B         129 kB
├ ○ /_not-found                            151 B         102 kB
├ ○ /admin/dashboard                     5.15 kB         141 kB
├ ○ /admin/messages                      8.51 kB         205 kB
├ ƒ /api/ai/generate                       151 B         102 kB
├ ƒ /api/attachments/download              151 B         102 kB
├ ƒ /api/og/note/[noteid]                  151 B         102 kB
├ ƒ /api/shared/[noteid]                   151 B         102 kB
├ ƒ /api/shared/[noteid]/comments          151 B         102 kB
├ ƒ /api/shared/[noteid]/reactions         151 B         102 kB
├ ƒ /api/turnstile/verify                  151 B         102 kB
├ ○ /extensions                          7.19 kB         214 kB
├ ○ /landing                             11.6 kB         184 kB
├ ○ /notes                               42.4 kB         344 kB
├ ƒ /notes/[id]                          12.5 kB         309 kB
├ ƒ /notes/[id]/[attachmentId]           4.01 kB         157 kB
├ ○ /pitch                               8.89 kB         147 kB
├ ○ /popout                              2.23 kB         135 kB
├ ○ /shared                              6.28 kB         317 kB
├ ƒ /shared/[noteid]                     60.3 kB         290 kB
└ ○ /tags                                7.33 kB         306 kB
+ First Load JS shared by all             101 kB
  ├ chunks/5942-ed86142fb88fe4c9.js      44.7 kB
  ├ chunks/9ee8bdc3-7d5e03caf5719ff7.js  54.1 kB
  └ other shared chunks (total)          2.61 kB


○  (Static)   prerendered as static content
ƒ  (Dynamic)  server-rendered on demand

